Testing PermissionsController...

[Test 1] Valid Request (1 hour)...
Array
(
    [error] => 1
    [message] => SQLSTATE[42S22]: Column not found: 1054 Unknown column 'approval_chain' in 'field list'
)
FAILED: SQLSTATE[42S22]: Column not found: 1054 Unknown column 'approval_chain' in 'field list'

[Test 2] Request exceeding limit (3 hours)...
Array
(
    [error] => 1
    [message] => SQLSTATE[42S22]: Column not found: 1054 Unknown column 'approval_chain' in 'field list'
)
SUCCESS (Expected Error)

[Test 3] Invalid Time (End before Start)...
Array
(
    [error] => 1
    [message] => ┘ê┘é╪¬ ╪º┘ä┘å┘ç╪º┘è╪⌐ ┘è╪¼╪¿ ╪ú┘å ┘è┘â┘ê┘å ╪¿╪╣╪» ┘ê┘é╪¬ ╪º┘ä╪¿╪»╪º┘è╪⌐
)
SUCCESS (Expected Error)
